// Jest Snapshot v1, https://goo.gl/fbAQLP

exports[`Location matches a snapshot 1`] = `
Array [
  <h2>
    Rover
  </h2>,
  <p>
    Age: 
    1
  </p>,
  <p>
    Weight: 
    12
     lbs
  </p>,
]
`;
